packages/ui/src/components/alert-dialog.tsx(45,6): error TS2322: Type '{ ref?: Ref<HTMLDivElement> | undefined; key?: Key | null | undefined; defaultChecked?: boolean | undefined; defaultValue?: string | number | readonly string[] | undefined; ... 275 more ...; className: string; }' is not assignable to type 'DetailedHTMLProps<HTMLAttributes<HTMLDivElement>, HTMLDivElement>'.
  Type '{ ref?: Ref<HTMLDivElement> | undefined; key?: Key | null | undefined; defaultChecked?: boolean | undefined; defaultValue?: string | number | readonly string[] | undefined; ... 275 more ...; className: string; }' is not assignable to type 'ClassAttributes<HTMLDivElement>'.
    Types of property 'ref' are incompatible.
      Type 'import("/Users/M1PRO/Documents/code/ewatrade/node_modules/.bun/@types+react@19.2.14/node_modules/@types/react/index").Ref<HTMLDivElement> | undefined' is not assignable to type 'React.Ref<HTMLDivElement> | undefined'.
        Type '(instance: HTMLDivElement | null) => void | (() => VoidOrUndefinedOnly)' is not assignable to type 'Ref<HTMLDivElement> | undefined'.
          Type '(instance: HTMLDivElement | null) => void | (() => VoidOrUndefinedOnly)' is not assignable to type '(instance: HTMLDivElement | null) => void | (() => VoidOrUndefinedOnly)'. Two different types with this name exist, but they are unrelated.
            Type 'void | (() => VoidOrUndefinedOnly)' is not assignable to type 'void | (() => VoidOrUndefinedOnly)'. Two different types with this name exist, but they are unrelated.
              Type '() => VoidOrUndefinedOnly' is not assignable to type 'void | (() => VoidOrUndefinedOnly)'.
                Type '() => VoidOrUndefinedOnly' is not assignable to type '() => VoidOrUndefinedOnly'. Two different types with this name exist, but they are unrelated.
                  Type 'VoidOrUndefinedOnly' is not assignable to type 'VoidOrUndefinedOnly'. Two different types with this name exist, but they are unrelated.
                    Type '{ [UNDEFINED_VOID_ONLY]: never; }' is not assignable to type 'VoidOrUndefinedOnly'.
packages/ui/src/components/dialog.tsx(60,6): error TS2322: Type '{ ref?: Ref<HTMLDivElement> | undefined; key?: Key | null | undefined; defaultChecked?: boolean | undefined; defaultValue?: string | number | readonly string[] | undefined; ... 275 more ...; className: string; }' is not assignable to type 'DetailedHTMLProps<HTMLAttributes<HTMLDivElement>, HTMLDivElement>'.
  Type '{ ref?: Ref<HTMLDivElement> | undefined; key?: Key | null | undefined; defaultChecked?: boolean | undefined; defaultValue?: string | number | readonly string[] | undefined; ... 275 more ...; className: string; }' is not assignable to type 'ClassAttributes<HTMLDivElement>'.
    Types of property 'ref' are incompatible.
      Type 'import("/Users/M1PRO/Documents/code/ewatrade/node_modules/.bun/@types+react@19.2.14/node_modules/@types/react/index").Ref<HTMLDivElement> | undefined' is not assignable to type 'React.Ref<HTMLDivElement> | undefined'.
        Type '(instance: HTMLDivElement | null) => void | (() => VoidOrUndefinedOnly)' is not assignable to type 'Ref<HTMLDivElement> | undefined'.
          Type '(instance: HTMLDivElement | null) => void | (() => VoidOrUndefinedOnly)' is not assignable to type '(instance: HTMLDivElement | null) => void | (() => VoidOrUndefinedOnly)'. Two different types with this name exist, but they are unrelated.
            Type 'void | (() => VoidOrUndefinedOnly)' is not assignable to type 'void | (() => VoidOrUndefinedOnly)'. Two different types with this name exist, but they are unrelated.
              Type '() => VoidOrUndefinedOnly' is not assignable to type 'void | (() => VoidOrUndefinedOnly)'.
                Type '() => VoidOrUndefinedOnly' is not assignable to type '() => VoidOrUndefinedOnly'. Two different types with this name exist, but they are unrelated.
                  Type 'VoidOrUndefinedOnly' is not assignable to type 'VoidOrUndefinedOnly'. Two different types with this name exist, but they are unrelated.
                    Type '{ [UNDEFINED_VOID_ONLY]: never; }' is not assignable to type 'VoidOrUndefinedOnly'.
packages/ui/src/components/dialog.tsx(68,6): error TS2322: Type '{ ref?: Ref<HTMLDivElement> | undefined; key?: Key | null | undefined; defaultChecked?: boolean | undefined; defaultValue?: string | number | readonly string[] | undefined; ... 275 more ...; className: string; }' is not assignable to type 'DetailedHTMLProps<HTMLAttributes<HTMLDivElement>, HTMLDivElement>'.
  Type '{ ref?: Ref<HTMLDivElement> | undefined; key?: Key | null | undefined; defaultChecked?: boolean | undefined; defaultValue?: string | number | readonly string[] | undefined; ... 275 more ...; className: string; }' is not assignable to type 'ClassAttributes<HTMLDivElement>'.
    Types of property 'ref' are incompatible.
      Type 'import("/Users/M1PRO/Documents/code/ewatrade/node_modules/.bun/@types+react@19.2.14/node_modules/@types/react/index").Ref<HTMLDivElement> | undefined' is not assignable to type 'React.Ref<HTMLDivElement> | undefined'.
        Type '(instance: HTMLDivElement | null) => void | (() => VoidOrUndefinedOnly)' is not assignable to type 'Ref<HTMLDivElement> | undefined'.
          Type '(instance: HTMLDivElement | null) => void | (() => VoidOrUndefinedOnly)' is not assignable to type '(instance: HTMLDivElement | null) => void | (() => VoidOrUndefinedOnly)'. Two different types with this name exist, but they are unrelated.
            Type 'void | (() => VoidOrUndefinedOnly)' is not assignable to type 'void | (() => VoidOrUndefinedOnly)'. Two different types with this name exist, but they are unrelated.
              Type '() => VoidOrUndefinedOnly' is not assignable to type 'void | (() => VoidOrUndefinedOnly)'.
                Type '() => VoidOrUndefinedOnly' is not assignable to type '() => VoidOrUndefinedOnly'. Two different types with this name exist, but they are unrelated.
                  Type 'VoidOrUndefinedOnly' is not assignable to type 'VoidOrUndefinedOnly'. Two different types with this name exist, but they are unrelated.
                    Type '{ [UNDEFINED_VOID_ONLY]: never; }' is not assignable to type 'VoidOrUndefinedOnly'.
packages/ui/src/components/form-actions.tsx(11,6): error TS2322: Type '{ children: Element[]; "data-slot": string; className: string; ref?: Ref<HTMLDivElement> | undefined; key?: Key | null | undefined; defaultChecked?: boolean | undefined; ... 274 more ...; onTransitionStartCapture?: TransitionEventHandler<...> | undefined; }' is not assignable to type 'DetailedHTMLProps<HTMLAttributes<HTMLDivElement>, HTMLDivElement>'.
  Type '{ children: Element[]; "data-slot": string; className: string; ref?: Ref<HTMLDivElement> | undefined; key?: Key | null | undefined; defaultChecked?: boolean | undefined; ... 274 more ...; onTransitionStartCapture?: TransitionEventHandler<...> | undefined; }' is not assignable to type 'ClassAttributes<HTMLDivElement>'.
    Types of property 'ref' are incompatible.
      Type 'import("/Users/M1PRO/Documents/code/ewatrade/node_modules/.bun/@types+react@19.2.14/node_modules/@types/react/index").Ref<HTMLDivElement> | undefined' is not assignable to type 'React.Ref<HTMLDivElement> | undefined'.
        Type '(instance: HTMLDivElement | null) => void | (() => VoidOrUndefinedOnly)' is not assignable to type 'Ref<HTMLDivElement> | undefined'.
          Type '(instance: HTMLDivElement | null) => void | (() => VoidOrUndefinedOnly)' is not assignable to type '(instance: HTMLDivElement | null) => void | (() => VoidOrUndefinedOnly)'. Two different types with this name exist, but they are unrelated.
            Type 'void | (() => VoidOrUndefinedOnly)' is not assignable to type 'void | (() => VoidOrUndefinedOnly)'. Two different types with this name exist, but they are unrelated.
              Type '() => VoidOrUndefinedOnly' is not assignable to type 'void | (() => VoidOrUndefinedOnly)'.
                Type '() => VoidOrUndefinedOnly' is not assignable to type '() => VoidOrUndefinedOnly'. Two different types with this name exist, but they are unrelated.
                  Type 'VoidOrUndefinedOnly' is not assignable to type 'VoidOrUndefinedOnly'. Two different types with this name exist, but they are unrelated.
                    Type '{ [UNDEFINED_VOID_ONLY]: never; }' is not assignable to type 'VoidOrUndefinedOnly'.
packages/ui/src/components/table.tsx(6,6): error TS2322: Type '{ ref?: Ref<HTMLTableElement> | undefined; key?: Key | null | undefined; align?: "left" | "right" | "center" | undefined; bgcolor?: string | undefined; ... 284 more ...; className: string; }' is not assignable to type 'DetailedHTMLProps<TableHTMLAttributes<HTMLTableElement>, HTMLTableElement>'.
  Type '{ ref?: Ref<HTMLTableElement> | undefined; key?: Key | null | undefined; align?: "left" | "right" | "center" | undefined; bgcolor?: string | undefined; ... 284 more ...; className: string; }' is not assignable to type 'ClassAttributes<HTMLTableElement>'.
    Types of property 'ref' are incompatible.
      Type 'import("/Users/M1PRO/Documents/code/ewatrade/node_modules/.bun/@types+react@19.2.14/node_modules/@types/react/index").Ref<HTMLTableElement> | undefined' is not assignable to type 'React.Ref<HTMLTableElement> | undefined'.
        Type '(instance: HTMLTableElement | null) => void | (() => VoidOrUndefinedOnly)' is not assignable to type 'Ref<HTMLTableElement> | undefined'.
          Type '(instance: HTMLTableElement | null) => void | (() => VoidOrUndefinedOnly)' is not assignable to type '(instance: HTMLTableElement | null) => void | (() => VoidOrUndefinedOnly)'. Two different types with this name exist, but they are unrelated.
            Type 'void | (() => VoidOrUndefinedOnly)' is not assignable to type 'void | (() => VoidOrUndefinedOnly)'. Two different types with this name exist, but they are unrelated.
              Type '() => VoidOrUndefinedOnly' is not assignable to type 'void | (() => VoidOrUndefinedOnly)'.
                Type '() => VoidOrUndefinedOnly' is not assignable to type '() => VoidOrUndefinedOnly'. Two different types with this name exist, but they are unrelated.
                  Type 'VoidOrUndefinedOnly' is not assignable to type 'VoidOrUndefinedOnly'. Two different types with this name exist, but they are unrelated.
                    Type '{ [UNDEFINED_VOID_ONLY]: never; }' is not assignable to type 'VoidOrUndefinedOnly'.
packages/ui/src/components/table.tsx(15,6): error TS2322: Type '{ ref?: Ref<HTMLTableSectionElement> | undefined; key?: Key | null | undefined; defaultChecked?: boolean | undefined; defaultValue?: string | number | readonly string[] | undefined; ... 275 more ...; className: string; }' is not assignable to type 'DetailedHTMLProps<HTMLAttributes<HTMLTableSectionElement>, HTMLTableSectionElement>'.
  Type '{ ref?: Ref<HTMLTableSectionElement> | undefined; key?: Key | null | undefined; defaultChecked?: boolean | undefined; defaultValue?: string | number | readonly string[] | undefined; ... 275 more ...; className: string; }' is not assignable to type 'ClassAttributes<HTMLTableSectionElement>'.
    Types of property 'ref' are incompatible.
      Type 'import("/Users/M1PRO/Documents/code/ewatrade/node_modules/.bun/@types+react@19.2.14/node_modules/@types/react/index").Ref<HTMLTableSectionElement> | undefined' is not assignable to type 'React.Ref<HTMLTableSectionElement> | undefined'.
        Type '(instance: HTMLTableSectionElement | null) => void | (() => VoidOrUndefinedOnly)' is not assignable to type 'Ref<HTMLTableSectionElement> | undefined'.
          Type '(instance: HTMLTableSectionElement | null) => void | (() => VoidOrUndefinedOnly)' is not assignable to type '(instance: HTMLTableSectionElement | null) => void | (() => VoidOrUndefinedOnly)'. Two different types with this name exist, but they are unrelated.
            Type 'void | (() => VoidOrUndefinedOnly)' is not assignable to type 'void | (() => VoidOrUndefinedOnly)'. Two different types with this name exist, but they are unrelated.
              Type '() => VoidOrUndefinedOnly' is not assignable to type 'void | (() => VoidOrUndefinedOnly)'.
                Type '() => VoidOrUndefinedOnly' is not assignable to type '() => VoidOrUndefinedOnly'. Two different types with this name exist, but they are unrelated.
                  Type 'VoidOrUndefinedOnly' is not assignable to type 'VoidOrUndefinedOnly'. Two different types with this name exist, but they are unrelated.
                    Type '{ [UNDEFINED_VOID_ONLY]: never; }' is not assignable to type 'VoidOrUndefinedOnly'.
packages/ui/src/components/table.tsx(21,6): error TS2322: Type '{ ref?: Ref<HTMLTableSectionElement> | undefined; key?: Key | null | undefined; defaultChecked?: boolean | undefined; defaultValue?: string | number | readonly string[] | undefined; ... 275 more ...; className: string; }' is not assignable to type 'DetailedHTMLProps<HTMLAttributes<HTMLTableSectionElement>, HTMLTableSectionElement>'.
  Type '{ ref?: Ref<HTMLTableSectionElement> | undefined; key?: Key | null | undefined; defaultChecked?: boolean | undefined; defaultValue?: string | number | readonly string[] | undefined; ... 275 more ...; className: string; }' is not assignable to type 'ClassAttributes<HTMLTableSectionElement>'.
    Types of property 'ref' are incompatible.
      Type 'import("/Users/M1PRO/Documents/code/ewatrade/node_modules/.bun/@types+react@19.2.14/node_modules/@types/react/index").Ref<HTMLTableSectionElement> | undefined' is not assignable to type 'React.Ref<HTMLTableSectionElement> | undefined'.
        Type '(instance: HTMLTableSectionElement | null) => void | (() => VoidOrUndefinedOnly)' is not assignable to type 'Ref<HTMLTableSectionElement> | undefined'.
          Type '(instance: HTMLTableSectionElement | null) => void | (() => VoidOrUndefinedOnly)' is not assignable to type '(instance: HTMLTableSectionElement | null) => void | (() => VoidOrUndefinedOnly)'. Two different types with this name exist, but they are unrelated.
            Type 'void | (() => VoidOrUndefinedOnly)' is not assignable to type 'void | (() => VoidOrUndefinedOnly)'. Two different types with this name exist, but they are unrelated.
              Type '() => VoidOrUndefinedOnly' is not assignable to type 'void | (() => VoidOrUndefinedOnly)'.
                Type '() => VoidOrUndefinedOnly' is not assignable to type '() => VoidOrUndefinedOnly'. Two different types with this name exist, but they are unrelated.
                  Type 'VoidOrUndefinedOnly' is not assignable to type 'VoidOrUndefinedOnly'. Two different types with this name exist, but they are unrelated.
                    Type '{ [UNDEFINED_VOID_ONLY]: never; }' is not assignable to type 'VoidOrUndefinedOnly'.
packages/ui/src/components/table.tsx(30,6): error TS2322: Type '{ ref?: Ref<HTMLTableSectionElement> | undefined; key?: Key | null | undefined; defaultChecked?: boolean | undefined; defaultValue?: string | number | readonly string[] | undefined; ... 275 more ...; className: string; }' is not assignable to type 'DetailedHTMLProps<HTMLAttributes<HTMLTableSectionElement>, HTMLTableSectionElement>'.
  Type '{ ref?: Ref<HTMLTableSectionElement> | undefined; key?: Key | null | undefined; defaultChecked?: boolean | undefined; defaultValue?: string | number | readonly string[] | undefined; ... 275 more ...; className: string; }' is not assignable to type 'ClassAttributes<HTMLTableSectionElement>'.
    Types of property 'ref' are incompatible.
      Type 'import("/Users/M1PRO/Documents/code/ewatrade/node_modules/.bun/@types+react@19.2.14/node_modules/@types/react/index").Ref<HTMLTableSectionElement> | undefined' is not assignable to type 'React.Ref<HTMLTableSectionElement> | undefined'.
        Type '(instance: HTMLTableSectionElement | null) => void | (() => VoidOrUndefinedOnly)' is not assignable to type 'Ref<HTMLTableSectionElement> | undefined'.
          Type '(instance: HTMLTableSectionElement | null) => void | (() => VoidOrUndefinedOnly)' is not assignable to type '(instance: HTMLTableSectionElement | null) => void | (() => VoidOrUndefinedOnly)'. Two different types with this name exist, but they are unrelated.
            Type 'void | (() => VoidOrUndefinedOnly)' is not assignable to type 'void | (() => VoidOrUndefinedOnly)'. Two different types with this name exist, but they are unrelated.
              Type '() => VoidOrUndefinedOnly' is not assignable to type 'void | (() => VoidOrUndefinedOnly)'.
                Type '() => VoidOrUndefinedOnly' is not assignable to type '() => VoidOrUndefinedOnly'. Two different types with this name exist, but they are unrelated.
                  Type 'VoidOrUndefinedOnly' is not assignable to type 'VoidOrUndefinedOnly'. Two different types with this name exist, but they are unrelated.
                    Type '{ [UNDEFINED_VOID_ONLY]: never; }' is not assignable to type 'VoidOrUndefinedOnly'.
packages/ui/src/components/table.tsx(41,11): error TS2322: Type '{ ref?: Ref<HTMLTableRowElement> | undefined; key?: Key | null | undefined; defaultChecked?: boolean | undefined; defaultValue?: string | number | readonly string[] | undefined; ... 275 more ...; className: string; }' is not assignable to type 'DetailedHTMLProps<HTMLAttributes<HTMLTableRowElement>, HTMLTableRowElement>'.
  Type '{ ref?: Ref<HTMLTableRowElement> | undefined; key?: Key | null | undefined; defaultChecked?: boolean | undefined; defaultValue?: string | number | readonly string[] | undefined; ... 275 more ...; className: string; }' is not assignable to type 'ClassAttributes<HTMLTableRowElement>'.
    Types of property 'ref' are incompatible.
      Type 'import("/Users/M1PRO/Documents/code/ewatrade/node_modules/.bun/@types+react@19.2.14/node_modules/@types/react/index").Ref<HTMLTableRowElement> | undefined' is not assignable to type 'React.Ref<HTMLTableRowElement> | undefined'.
        Type '(instance: HTMLTableRowElement | null) => void | (() => VoidOrUndefinedOnly)' is not assignable to type 'Ref<HTMLTableRowElement> | undefined'.
          Type '(instance: HTMLTableRowElement | null) => void | (() => VoidOrUndefinedOnly)' is not assignable to type '(instance: HTMLTableRowElement | null) => void | (() => VoidOrUndefinedOnly)'. Two different types with this name exist, but they are unrelated.
            Type 'void | (() => VoidOrUndefinedOnly)' is not assignable to type 'void | (() => VoidOrUndefinedOnly)'. Two different types with this name exist, but they are unrelated.
              Type '() => VoidOrUndefinedOnly' is not assignable to type 'void | (() => VoidOrUndefinedOnly)'.
                Type '() => VoidOrUndefinedOnly' is not assignable to type '() => VoidOrUndefinedOnly'. Two different types with this name exist, but they are unrelated.
                  Type 'VoidOrUndefinedOnly' is not assignable to type 'VoidOrUndefinedOnly'. Two different types with this name exist, but they are unrelated.
                    Type '{ [UNDEFINED_VOID_ONLY]: never; }' is not assignable to type 'VoidOrUndefinedOnly'.
packages/ui/src/components/table.tsx(46,6): error TS2322: Type '{ ref?: Ref<HTMLTableHeaderCellElement> | undefined; key?: Key | null | undefined; align?: "left" | "right" | "center" | "justify" | "char" | undefined; ... 282 more ...; className: string; }' is not assignable to type 'DetailedHTMLProps<ThHTMLAttributes<HTMLTableHeaderCellElement>, HTMLTableHeaderCellElement>'.
  Type '{ ref?: Ref<HTMLTableHeaderCellElement> | undefined; key?: Key | null | undefined; align?: "left" | "right" | "center" | "justify" | "char" | undefined; ... 282 more ...; className: string; }' is not assignable to type 'ClassAttributes<HTMLTableHeaderCellElement>'.
    Types of property 'ref' are incompatible.
      Type 'import("/Users/M1PRO/Documents/code/ewatrade/node_modules/.bun/@types+react@19.2.14/node_modules/@types/react/index").Ref<HTMLTableHeaderCellElement> | undefined' is not assignable to type 'React.Ref<HTMLTableHeaderCellElement> | undefined'.
        Type '(instance: HTMLTableHeaderCellElement | null) => void | (() => VoidOrUndefinedOnly)' is not assignable to type 'Ref<HTMLTableHeaderCellElement> | undefined'.
          Type '(instance: HTMLTableHeaderCellElement | null) => void | (() => VoidOrUndefinedOnly)' is not assignable to type '(instance: HTMLTableHeaderCellElement | null) => void | (() => VoidOrUndefinedOnly)'. Two different types with this name exist, but they are unrelated.
            Type 'void | (() => VoidOrUndefinedOnly)' is not assignable to type 'void | (() => VoidOrUndefinedOnly)'. Two different types with this name exist, but they are unrelated.
              Type '() => VoidOrUndefinedOnly' is not assignable to type 'void | (() => VoidOrUndefinedOnly)'.
                Type '() => VoidOrUndefinedOnly' is not assignable to type '() => VoidOrUndefinedOnly'. Two different types with this name exist, but they are unrelated.
                  Type 'VoidOrUndefinedOnly' is not assignable to type 'VoidOrUndefinedOnly'. Two different types with this name exist, but they are unrelated.
                    Type '{ [UNDEFINED_VOID_ONLY]: never; }' is not assignable to type 'VoidOrUndefinedOnly'.
packages/ui/src/components/table.tsx(58,6): error TS2322: Type '{ ref?: Ref<HTMLTableDataCellElement> | undefined; key?: Key | null | undefined; align?: "left" | "right" | "center" | "justify" | "char" | undefined; ... 285 more ...; className: string; }' is not assignable to type 'DetailedHTMLProps<TdHTMLAttributes<HTMLTableDataCellElement>, HTMLTableDataCellElement>'.
  Type '{ ref?: Ref<HTMLTableDataCellElement> | undefined; key?: Key | null | undefined; align?: "left" | "right" | "center" | "justify" | "char" | undefined; ... 285 more ...; className: string; }' is not assignable to type 'ClassAttributes<HTMLTableDataCellElement>'.
    Types of property 'ref' are incompatible.
      Type 'import("/Users/M1PRO/Documents/code/ewatrade/node_modules/.bun/@types+react@19.2.14/node_modules/@types/react/index").Ref<HTMLTableDataCellElement> | undefined' is not assignable to type 'React.Ref<HTMLTableDataCellElement> | undefined'.
        Type '(instance: HTMLTableDataCellElement | null) => void | (() => VoidOrUndefinedOnly)' is not assignable to type 'Ref<HTMLTableDataCellElement> | undefined'.
          Type '(instance: HTMLTableDataCellElement | null) => void | (() => VoidOrUndefinedOnly)' is not assignable to type '(instance: HTMLTableDataCellElement | null) => void | (() => VoidOrUndefinedOnly)'. Two different types with this name exist, but they are unrelated.
            Type 'void | (() => VoidOrUndefinedOnly)' is not assignable to type 'void | (() => VoidOrUndefinedOnly)'. Two different types with this name exist, but they are unrelated.
              Type '() => VoidOrUndefinedOnly' is not assignable to type 'void | (() => VoidOrUndefinedOnly)'.
                Type '() => VoidOrUndefinedOnly' is not assignable to type '() => VoidOrUndefinedOnly'. Two different types with this name exist, but they are unrelated.
                  Type 'VoidOrUndefinedOnly' is not assignable to type 'VoidOrUndefinedOnly'. Two different types with this name exist, but they are unrelated.
                    Type '{ [UNDEFINED_VOID_ONLY]: never; }' is not assignable to type 'VoidOrUndefinedOnly'.
packages/ui/src/components/table.tsx(73,6): error TS2322: Type '{ ref?: Ref<HTMLElement> | undefined; key?: Key | null | undefined; defaultChecked?: boolean | undefined; defaultValue?: string | number | readonly string[] | undefined; ... 275 more ...; className: string; }' is not assignable to type 'DetailedHTMLProps<HTMLAttributes<HTMLElement>, HTMLElement>'.
  Type '{ ref?: Ref<HTMLElement> | undefined; key?: Key | null | undefined; defaultChecked?: boolean | undefined; defaultValue?: string | number | readonly string[] | undefined; ... 275 more ...; className: string; }' is not assignable to type 'ClassAttributes<HTMLElement>'.
    Types of property 'ref' are incompatible.
      Type 'import("/Users/M1PRO/Documents/code/ewatrade/node_modules/.bun/@types+react@19.2.14/node_modules/@types/react/index").Ref<HTMLElement> | undefined' is not assignable to type 'React.Ref<HTMLElement> | undefined'.
        Type '(instance: HTMLElement | null) => void | (() => VoidOrUndefinedOnly)' is not assignable to type 'Ref<HTMLElement> | undefined'.
          Type '(instance: HTMLElement | null) => void | (() => VoidOrUndefinedOnly)' is not assignable to type '(instance: HTMLElement | null) => void | (() => VoidOrUndefinedOnly)'. Two different types with this name exist, but they are unrelated.
            Type 'void | (() => VoidOrUndefinedOnly)' is not assignable to type 'void | (() => VoidOrUndefinedOnly)'. Two different types with this name exist, but they are unrelated.
              Type '() => VoidOrUndefinedOnly' is not assignable to type 'void | (() => VoidOrUndefinedOnly)'.
                Type '() => VoidOrUndefinedOnly' is not assignable to type '() => VoidOrUndefinedOnly'. Two different types with this name exist, but they are unrelated.
                  Type 'VoidOrUndefinedOnly' is not assignable to type 'VoidOrUndefinedOnly'. Two different types with this name exist, but they are unrelated.
                    Type '{ [UNDEFINED_VOID_ONLY]: never; }' is not assignable to type 'VoidOrUndefinedOnly'.
