ACTIVITY MANAGER LAST ANR (dumpsys activity lastanr)
  ANR time: Oct 2, 2026 11:44:57 AM
  Reason: b8cff34 com.ewatrade.dev.barcodeqa/com.ewatrade.dev.MainActivity is not responding. Waited 15014ms for MotionEvent

  * Task{13fe68d #20 type=standard A=10231:com.ewatrade.dev.barcodeqa U=0 visible=true visibleRequested=true mode=fullscreen translucent=false sz=1}
    fullscreenRequestAllowMode=NONE
    isSleeping=false
    topResumedActivity=ActivityRecord{87427876 u0 com.ewatrade.dev.barcodeqa/com.ewatrade.dev.MainActivity t20}

  mLastHomeActivityStartResult=0
  mLastStarter:
    mCurrentUser=0
    mLastStartReason=startActivityAsUser
    mLastStartActivityTimeMs=Oct 2, 2026 11:44:05 AM
    mLastStartActivityResult=0
    mLastStartActivityRecord:
      packageName=com.ewatrade.dev.barcodeqa processName=com.ewatrade.dev.barcodeqa
      launchedFromUid=2000 launchedFromPackage=com.android.shell launchedFromFeature=null userId=0
      app=ProcessRecord{ed432d 17135:com.ewatrade.dev.barcodeqa/u0a231}
      Intent { act=android.intent.action.VIEW dat=ewatrade-dev://home-guided-journey?state=new-business&theme=light&scope=business-b flg=0x10000000 xflg=0x4 cmp=com.ewatrade.dev.barcodeqa/com.ewatrade.dev.MainActivity }
      rootOfTask=true task=Task{13fe68d #20 type=standard A=10231:com.ewatrade.dev.barcodeqa}
      taskAffinity=10231:com.ewatrade.dev.barcodeqa
      mActivityComponent=com.ewatrade.dev.barcodeqa/com.ewatrade.dev.MainActivity
      baseDir=/data/app/~~rBhSLJsVgve-oco7ygTsCw==/com.ewatrade.dev.barcodeqa-fXlXjtBu5OybZwtsDU2l8w==/base.apk
      dataDir=/data/user/0/com.ewatrade.dev.barcodeqa
      stateNotNeeded=false componentSpecified=true mActivityType=standard
      compat={420dpi} theme=0x7f140248
      mLastReportedConfigurations:
        mGlobalConfig={1.0 310mcc260mnc [en_US] ldltr sw411dp w411dp h923dp 420dpi nrml long compactNeeded port finger qwerty/v/v dpad/v winConfig={ mBounds=Rect(0, 0 - 1080, 2424) mAppBounds=Rect(0, 0 - 1080, 2424) mMaxBounds=Rect(0, 0 - 1080, 2424) mDisplayRotation=ROTATION_0 mWindowingMode=fullscreen mActivityType=undefined mAlwaysOnTop=undefined mRotation=ROTATION_0} as.3 s.128 fontWeightAdjustment=0}
        mOverrideConfig={1.0 310mcc260mnc [en_US] ldltr sw411dp w411dp h923dp 420dpi nrml long compactNeeded port finger qwerty/v/v dpad/v winConfig={ mBounds=Rect(0, 0 - 1080, 2424) mAppBounds=Rect(0, 0 - 1080, 2424) mMaxBounds=Rect(0, 0 - 1080, 2424) mDisplayRotation=ROTATION_0 mWindowingMode=fullscreen mActivityType=standard mAlwaysOnTop=undefined mRotation=ROTATION_0} as.3 s.2 fontWeightAdjustment=0}
      mLastReportedActivityWindowInfo=ActivityWindowInfo{isEmbedded=false, taskBounds=Rect(0, 0 - 1080, 2424), taskFragmentBounds=Rect(0, 0 - 1080, 2424)}
      CurrentConfiguration={1.0 310mcc260mnc [en_US] ldltr sw411dp w411dp h923dp 420dpi nrml long compactNeeded port finger qwerty/v/v dpad/v winConfig={ mBounds=Rect(0, 0 - 1080, 2424) mAppBounds=Rect(0, 0 - 1080, 2424) mMaxBounds=Rect(0, 0 - 1080, 2424) mDisplayRotation=ROTATION_0 mWindowingMode=fullscreen mActivityType=standard mAlwaysOnTop=undefined mRotation=ROTATION_0} as.3 s.2 fontWeightAdjustment=0}
      RequestedOverrideConfiguration={0.0 ?mcc0mnc ?localeList ?layoutDir ?swdp ?wdp ?hdp ?density ?lsize ?long ?round ?ldr ?wideColorGamut ?orien ?uimode ?night ?touch ?keyb/?/? ?nav/? winConfig={ mBounds=Rect(0, 0 - 0, 0) mAppBounds=null mMaxBounds=Rect(0, 0 - 0, 0) mDisplayRotation=undefined mWindowingMode=undefined mActivityType=standard mAlwaysOnTop=undefined mRotation=undefined} ?fontWeightAdjustment}
      ResolvedOverrideConfiguration={0.0 ?mcc0mnc ?localeList ?layoutDir ?swdp ?wdp ?hdp ?density ?lsize ?long ?round ?ldr ?wideColorGamut ?orien ?uimode ?night ?touch ?keyb/?/? ?nav/? winConfig={ mBounds=Rect(0, 0 - 0, 0) mAppBounds=null mMaxBounds=Rect(0, 0 - 0, 0) mDisplayRotation=undefined mWindowingMode=undefined mActivityType=undefined mAlwaysOnTop=undefined mRotation=undefined} s.2 ?fontWeightAdjustment}
      taskDescription: label="null" icon=null iconResource=/0 iconFilename=null primaryColor=fff1f0f6
        backgroundColor=fffafafa statusBarColor=ff1769b0 navigationBarColor=808080
       backgroundColorFloating=ffffffff
      launchFailed=false launchCount=1 lastLaunchTime=-50s461ms
      mHaveState=false mIcicle=null
      state=RESUMED finishing=false
      keysPaused=false inHistory=true idle=true
      occludesParent=true mNoDisplay=false immersive=false launchMode=2
      mActivityType=standard
      windows=[Window{b8cff34 u0 com.ewatrade.dev.barcodeqa/com.ewatrade.dev.MainActivity}]
      windowType=2
      mOccludesParent=true
      overrideOrientation=SCREEN_ORIENTATION_PORTRAIT
      requestedOrientation=SCREEN_ORIENTATION_PORTRAIT
      mVisibleRequested=true mVisible=true mClientVisible=true reportedDrawn=true reportedVisible=true
      mNumInterestingWindows=1 mNumDrawnWindows=1 allDrawn=true)
      startingData=null firstWindowDrawn=true
      nowVisible=true lastVisibleTime=-34s699ms
      resizeMode=RESIZE_MODE_RESIZEABLE_VIA_SDK_VERSION
      mLastReportedMultiWindowMode=false mLastReportedPictureInPictureMode=false
      supportsSizeChanges=SIZE_CHANGES_UNSUPPORTED_METADATA
      configChanges=0x47fb
      neverSandboxDisplayApis=false
      alwaysSandboxDisplayApis=false
      isTransparentPolicyRunning=false
      areBoundsLetterboxed=false
      isLetterboxRunning=false
      AppCompatCameraDisplayRotationPolicy:
        isTreatmentEnabledForDisplay=false
      AppCompatCameraSimReqOrientationPolicy:
      CameraStateMonitor:
        activeCameraConnections= mCameraAppInfoSet={ mCameraAppInfoSet={} }
        mAvailableRotateAndCropModesForCamera={1=AvailableCameraCharacteristics{mCameraFacing=0, mAvailableRotateAndCropModes={0}, mSensorOrientation=270}, 10=AvailableCameraCharacteristics{mCameraFacing=1, mAvailableRotateAndCropModes={0}, mSensorOrientation=90}}
    mStartActivity:
      packageName=com.ewatrade.dev.barcodeqa processName=com.ewatrade.dev.barcodeqa
      launchedFromUid=2000 launchedFromPackage=com.android.shell launchedFromFeature=null userId=0
      app=ProcessRecord{ed432d 17135:com.ewatrade.dev.barcodeqa/u0a231}
      Intent { act=android.intent.action.VIEW dat=ewatrade-dev://home-guided-journey?state=new-business&theme=light&scope=business-b flg=0x10000000 xflg=0x4 cmp=com.ewatrade.dev.barcodeqa/com.ewatrade.dev.MainActivity }
      rootOfTask=true task=Task{13fe68d #20 type=standard A=10231:com.ewatrade.dev.barcodeqa}
      taskAffinity=10231:com.ewatrade.dev.barcodeqa
      mActivityComponent=com.ewatrade.dev.barcodeqa/com.ewatrade.dev.MainActivity
      baseDir=/data/app/~~rBhSLJsVgve-oco7ygTsCw==/com.ewatrade.dev.barcodeqa-fXlXjtBu5OybZwtsDU2l8w==/base.apk
      dataDir=/data/user/0/com.ewatrade.dev.barcodeqa
      stateNotNeeded=false componentSpecified=true mActivityType=standard
      compat={420dpi} theme=0x7f140248
      mLastReportedConfigurations:
        mGlobalConfig={1.0 310mcc260mnc [en_US] ldltr sw411dp w411dp h923dp 420dpi nrml long compactNeeded port finger qwerty/v/v dpad/v winConfig={ mBounds=Rect(0, 0 - 1080, 2424) mAppBounds=Rect(0, 0 - 1080, 2424) mMaxBounds=Rect(0, 0 - 1080, 2424) mDisplayRotation=ROTATION_0 mWindowingMode=fullscreen mActivityType=undefined mAlwaysOnTop=undefined mRotation=ROTATION_0} as.3 s.128 fontWeightAdjustment=0}
        mOverrideConfig={1.0 310mcc260mnc [en_US] ldltr sw411dp w411dp h923dp 420dpi nrml long compactNeeded port finger qwerty/v/v dpad/v winConfig={ mBounds=Rect(0, 0 - 1080, 2424) mAppBounds=Rect(0, 0 - 1080, 2424) mMaxBounds=Rect(0, 0 - 1080, 2424) mDisplayRotation=ROTATION_0 mWindowingMode=fullscreen mActivityType=standard mAlwaysOnTop=undefined mRotation=ROTATION_0} as.3 s.2 fontWeightAdjustment=0}
      mLastReportedActivityWindowInfo=ActivityWindowInfo{isEmbedded=false, taskBounds=Rect(0, 0 - 1080, 2424), taskFragmentBounds=Rect(0, 0 - 1080, 2424)}
      CurrentConfiguration={1.0 310mcc260mnc [en_US] ldltr sw411dp w411dp h923dp 420dpi nrml long compactNeeded port finger qwerty/v/v dpad/v winConfig={ mBounds=Rect(0, 0 - 1080, 2424) mAppBounds=Rect(0, 0 - 1080, 2424) mMaxBounds=Rect(0, 0 - 1080, 2424) mDisplayRotation=ROTATION_0 mWindowingMode=fullscreen mActivityType=standard mAlwaysOnTop=undefined mRotation=ROTATION_0} as.3 s.2 fontWeightAdjustment=0}
      RequestedOverrideConfiguration={0.0 ?mcc0mnc ?localeList ?layoutDir ?swdp ?wdp ?hdp ?density ?lsize ?long ?round ?ldr ?wideColorGamut ?orien ?uimode ?night ?touch ?keyb/?/? ?nav/? winConfig={ mBounds=Rect(0, 0 - 0, 0) mAppBounds=null mMaxBounds=Rect(0, 0 - 0, 0) mDisplayRotation=undefined mWindowingMode=undefined mActivityType=standard mAlwaysOnTop=undefined mRotation=undefined} ?fontWeightAdjustment}
      ResolvedOverrideConfiguration={0.0 ?mcc0mnc ?localeList ?layoutDir ?swdp ?wdp ?hdp ?density ?lsize ?long ?round ?ldr ?wideColorGamut ?orien ?uimode ?night ?touch ?keyb/?/? ?nav/? winConfig={ mBounds=Rect(0, 0 - 0, 0) mAppBounds=null mMaxBounds=Rect(0, 0 - 0, 0) mDisplayRotation=undefined mWindowingMode=undefined mActivityType=undefined mAlwaysOnTop=undefined mRotation=undefined} s.2 ?fontWeightAdjustment}
      taskDescription: label="null" icon=null iconResource=/0 iconFilename=null primaryColor=fff1f0f6
        backgroundColor=fffafafa statusBarColor=ff1769b0 navigationBarColor=808080
       backgroundColorFloating=ffffffff
      launchFailed=false launchCount=1 lastLaunchTime=-50s466ms
      mHaveState=false mIcicle=null
      state=RESUMED finishing=false
      keysPaused=false inHistory=true idle=true
      occludesParent=true mNoDisplay=false immersive=false launchMode=2
      mActivityType=standard
      windows=[Window{b8cff34 u0 com.ewatrade.dev.barcodeqa/com.ewatrade.dev.MainActivity}]
      windowType=2
      mOccludesParent=true
      overrideOrientation=SCREEN_ORIENTATION_PORTRAIT
      requestedOrientation=SCREEN_ORIENTATION_PORTRAIT
      mVisibleRequested=true mVisible=true mClientVisible=true reportedDrawn=true reportedVisible=true
      mNumInterestingWindows=1 mNumDrawnWindows=1 allDrawn=true)
      startingData=null firstWindowDrawn=true
      nowVisible=true lastVisibleTime=-34s704ms
      resizeMode=RESIZE_MODE_RESIZEABLE_VIA_SDK_VERSION
      mLastReportedMultiWindowMode=false mLastReportedPictureInPictureMode=false
      supportsSizeChanges=SIZE_CHANGES_UNSUPPORTED_METADATA
      configChanges=0x47fb
      neverSandboxDisplayApis=false
      alwaysSandboxDisplayApis=false
      isTransparentPolicyRunning=false
      areBoundsLetterboxed=false
      isLetterboxRunning=false
      AppCompatCameraDisplayRotationPolicy:
        isTreatmentEnabledForDisplay=false
      AppCompatCameraSimReqOrientationPolicy:
      CameraStateMonitor:
        activeCameraConnections= mCameraAppInfoSet={ mCameraAppInfoSet={} }
        mAvailableRotateAndCropModesForCamera={1=AvailableCameraCharacteristics{mCameraFacing=0, mAvailableRotateAndCropModes={0}, mSensorOrientation=270}, 10=AvailableCameraCharacteristics{mCameraFacing=1, mAvailableRotateAndCropModes={0}, mSensorOrientation=90}}
    mIntent=Intent { act=android.intent.action.VIEW dat=ewatrade-dev://home-guided-journey/... flg=0x10000000 xflg=0x4 cmp=com.ewatrade.dev.barcodeqa/com.ewatrade.dev.MainActivity }
    mLaunchMode=LAUNCH_SINGLE_TASK    mLaunchFlags=0x10000000 mDoResume=true mAddingToTask=true mInTaskFragment=null
    UserHelper:
      TAG=ActivityTaskManager
      mIsHeadlessSystemUserMode=false
      activityLaunchIntegrationStatus=-1 (DISABLED_NOT_HSUM)
      mHsuActivitiesAllowlist=null

  ResumedActivity: ActivityRecord{87427876 u0 com.ewatrade.dev.barcodeqa/com.ewatrade.dev.MainActivity t20}
  LockTaskController:
    mLockTaskModeState=NONE
    mLockTaskModeTasks=
    mLockTaskPackages (userId:packages)=

  KeyguardController:
    mKeyguardShowing=false
    mAodShowing=false
    mKeyguardGoingAway=false
   KeyguardShowing=false AodShowing=false KeyguardGoingAway=false DismissalRequested=false  Occluded=false DismissingKeyguardActivity=null TurnScreenOnActivity=null at display=0
    mDismissalRequested=false

-------------------------------------------------------------------------------

