--------- beginning of events
10-02 11:45:55.693   683 21640 I am_cpu  : [1036,10198,ndroid.systemui,19574,550,320]
10-02 11:45:55.693   683 21640 I am_cpu  : [1141,1073,rkstack.process,19574,470,310]
10-02 11:45:55.693   683 21640 I am_cpu  : [1143,1068,com.android.se,621533,130,50]
10-02 11:45:55.693   683 21640 I am_cpu  : [1150,1001,m.android.phone,19574,670,390]
10-02 11:45:55.693   683 21640 I am_cpu  : [1176,10197,s.nexuslauncher,19574,10,0]
10-02 11:45:55.693   683 21640 I am_cpu  : [1483,10229,gle.android.gms,19575,1160,320]
10-02 11:45:55.693   683 21640 I am_cpu  : [1583,10169,putmethod.latin,19575,20,60]
10-02 11:45:55.693   683 21640 I am_cpu  : [1743,1000,or.multidisplay,19575,210,220]
10-02 11:45:55.693   683 21640 I am_cpu  : [2703,1082,artd,19574,400,520]
10-02 11:45:55.693   683 21640 I am_cpu  : [11342,0,kworker/u16:4,19574,0,10]
10-02 11:45:55.693   683 21640 I am_cpu  : [15049,0,kworker/u16:5-flush-254:5,19574,0,70]
10-02 11:45:55.693   683 21640 I am_cpu  : [17135,10231,e.dev.barcodeqa,19574,6850,1420]
10-02 11:45:55.693   683 21640 I am_cpu  : [17137,0,kworker/0:1-events,19574,0,500]
10-02 11:45:55.693   683 21640 I am_cpu  : [17269,0,kworker/0:3-virtio_vsock,19574,0,320]
10-02 11:45:55.693   683 21640 I am_cpu  : [18689,0,kworker/0:0-virtio_vsock,19574,0,810]
10-02 11:45:55.693   683 21640 I am_cpu  : [20274,0,kworker/0:4-virtio_vsock,19574,0,140]
10-02 11:45:55.693   683 21640 I am_cpu  : [21919,2000,sh,0,0,0]
10-02 11:45:55.693   683 21640 I am_cpu  : [21921,2000,screencap,0,0,0]
10-02 11:45:57.684   683   683 I auditd  : type=1400 audit(0.0:53): avc:  denied  { read } for  comm="RenderThread" name="u:object_r:vendor_default_prop:s0" dev="tmpfs" ino=404 scontext=u:r:system_server:s0 tcontext=u:object_r:vendor_default_prop:s0 tclass=file permissive=0
10-02 11:45:57.630   683   710 I input_focus: [Focus request ec46045 Application Not Responding: com.ewatrade.dev.barcodeqa,reason=UpdateInputWindows]
10-02 11:45:58.989   683   832 I input_focus: [Focus leaving b8cff34 com.ewatrade.dev.barcodeqa/com.ewatrade.dev.MainActivity,reason=Waiting for window because NO_WINDOW]
10-02 11:45:59.187   683   709 I wm_set_resumed_activity: [0,com.ewatrade.dev.barcodeqa/com.ewatrade.dev.MainActivity,setFocusedTask-alreadyTop]
10-02 11:45:59.714   683   707 I viewroot_draw_event: [VRI[barcodeqa]118e195,reportDrawFinished seqId=2]
10-02 11:45:59.930 17135 17135 I input_focus: ViewRootImpl focus=false direction=0 for com.ewatrade.dev.barcodeqa/com.ewatrade.dev.MainActivity
10-02 11:46:00.306   683   710 I wm_dim_created: [Display 0 name="Built-in Screen",3371]
10-02 11:46:00.306   683   710 I wm_dim_cancel_anim: [3371,new target values]
10-02 11:46:00.306   683   710 I wm_dim_animate: [3371,0.600000,0.000000]
10-02 11:46:00.867   683   710 I wm_dim_finish_anim: 3371
10-02 11:46:02.302   683   832 I input_focus: [Focus entering ec46045 Application Not Responding: com.ewatrade.dev.barcodeqa,reason=Window became focusable. Previous reason: OK]
10-02 11:46:02.380   683   707 I input_focus: ViewRootImpl focus=true direction=0 for Application Not Responding: com.ewatrade.dev.barcodeqa
10-02 11:46:07.890  1150  1329 I service_manager_stats: [100,493,160312]
10-02 11:46:15.834 17135 17135 I viewroot_draw_event: [VRI[PopupWindow:2c5f455]2ad770e,reportDrawFinished seqId=0]
10-02 11:46:18.985   683   832 I input_interaction: Interaction with: [ec46045 Application Not Responding: com.ewatrade.dev.barcodeqa,PointerEventDispatcher0,[Gesture Monitor] swipe-up,[Gesture Monitor] edge-swipe], on displayId 0
10-02 11:46:21.579   683  2413 I wm_new_intent: [0,87427876,20,com.ewatrade.dev.barcodeqa/com.ewatrade.dev.MainActivity,android.intent.action.VIEW,NULL,ewatrade-dev://home-guided-journey/...,268435456]
10-02 11:46:21.579   683  2413 I wm_task_moved: [20,20,0,1,3]
10-02 11:46:21.580   683  2413 I wm_set_keyguard_occluded: [0,0,0,setOccluded]
10-02 11:46:21.581 17135 17135 I wm_on_top_resumed_lost_called: [87427876,com.ewatrade.dev.MainActivity,pausing]
10-02 11:46:21.599 17135 17135 I wm_on_paused_called: [87427876,com.ewatrade.dev.MainActivity,performPause,17]
10-02 11:46:21.672 17135 17135 I wm_on_resume_called: [87427876,com.ewatrade.dev.MainActivity,LIFECYCLER_RESUME_ACTIVITY,67]
10-02 11:46:21.673 17135 17135 I wm_on_top_resumed_gained_called: [87427876,com.ewatrade.dev.MainActivity,topWhenResuming]
10-02 11:46:35.373   683  2413 I wm_new_intent: [0,87427876,20,com.ewatrade.dev.barcodeqa/com.ewatrade.dev.MainActivity,android.intent.action.VIEW,NULL,ewatrade-dev://home-guided-journey/...,268435456]
10-02 11:46:35.374   683  2413 I wm_task_moved: [20,20,0,1,3]
10-02 11:46:35.405   683  2413 I wm_set_keyguard_occluded: [0,0,0,setOccluded]
10-02 11:46:35.409 17135 17135 I wm_on_top_resumed_lost_called: [87427876,com.ewatrade.dev.MainActivity,pausing]
10-02 11:46:35.432 17135 17135 I wm_on_paused_called: [87427876,com.ewatrade.dev.MainActivity,performPause,21]
10-02 11:46:35.447 17135 17135 I wm_on_resume_called: [87427876,com.ewatrade.dev.MainActivity,LIFECYCLER_RESUME_ACTIVITY,6]
10-02 11:46:35.450 17135 17135 I wm_on_top_resumed_gained_called: [87427876,com.ewatrade.dev.MainActivity,topWhenResuming]
10-02 11:46:35.457   683   716 I am_pss  : [17135,10231,com.ewatrade.dev.barcodeqa,0,0,0,498384896,0,2,1]
10-02 11:46:46.205 17135 17135 I viewroot_draw_event: [VRI[PopupWindow:f25e996]e518c9c,reportDrawFinished seqId=0]
10-02 11:46:56.142 17135 17135 I viewroot_draw_event: [VRI[PopupWindow:eeb361e]7e17164,reportDrawFinished seqId=0]
10-02 11:46:59.414 17135 17135 I viewroot_draw_event: [VRI[PopupWindow:6d1c082]1b91b01,reportDrawFinished seqId=0]
10-02 11:47:04.389 17135 17135 I viewroot_draw_event: [VRI[PopupWindow:c501b7e]59971c4,reportDrawFinished seqId=0]
10-02 11:47:10.403   683  2413 I wm_new_intent: [0,87427876,20,com.ewatrade.dev.barcodeqa/com.ewatrade.dev.MainActivity,android.intent.action.VIEW,NULL,ewatrade-dev://home-guided-journey/...,268435456]
10-02 11:47:10.403   683  2413 I wm_task_moved: [20,20,0,1,3]
10-02 11:47:10.404   683  2413 I wm_set_keyguard_occluded: [0,0,0,setOccluded]
10-02 11:47:10.413 17135 17135 I wm_on_top_resumed_lost_called: [87427876,com.ewatrade.dev.MainActivity,pausing]
10-02 11:47:10.430 17135 17135 I wm_on_paused_called: [87427876,com.ewatrade.dev.MainActivity,performPause,16]
10-02 11:47:10.446 17135 17135 I wm_on_resume_called: [87427876,com.ewatrade.dev.MainActivity,LIFECYCLER_RESUME_ACTIVITY,16]
10-02 11:47:10.450 17135 17135 I wm_on_top_resumed_gained_called: [87427876,com.ewatrade.dev.MainActivity,topWhenResuming]
10-02 11:47:25.176   683  2413 I wm_new_intent: [0,87427876,20,com.ewatrade.dev.barcodeqa/com.ewatrade.dev.MainActivity,android.intent.action.VIEW,NULL,ewatrade-dev://home-guided-journey/...,268435456]
10-02 11:47:25.181   683  2413 I wm_task_moved: [20,20,0,1,3]
10-02 11:47:25.189   683  2413 I wm_set_keyguard_occluded: [0,0,0,setOccluded]
10-02 11:47:25.190 17135 17135 I wm_on_top_resumed_lost_called: [87427876,com.ewatrade.dev.MainActivity,pausing]
10-02 11:47:25.234 17135 17135 I wm_on_paused_called: [87427876,com.ewatrade.dev.MainActivity,performPause,44]
10-02 11:47:25.259 17135 17135 I wm_on_resume_called: [87427876,com.ewatrade.dev.MainActivity,LIFECYCLER_RESUME_ACTIVITY,22]
10-02 11:47:25.260 17135 17135 I wm_on_top_resumed_gained_called: [87427876,com.ewatrade.dev.MainActivity,topWhenResuming]
10-02 11:47:38.615   683  2413 I wm_new_intent: [0,87427876,20,com.ewatrade.dev.barcodeqa/com.ewatrade.dev.MainActivity,android.intent.action.VIEW,NULL,ewatrade-dev://home-guided-journey/...,268435456]
10-02 11:47:38.615   683  2413 I wm_task_moved: [20,20,0,1,3]
10-02 11:47:38.619   683  2413 I wm_set_keyguard_occluded: [0,0,0,setOccluded]
10-02 11:47:38.620 17135 17135 I wm_on_top_resumed_lost_called: [87427876,com.ewatrade.dev.MainActivity,pausing]
10-02 11:47:38.655 17135 17135 I wm_on_paused_called: [87427876,com.ewatrade.dev.MainActivity,performPause,34]
10-02 11:47:38.665 17135 17135 I wm_on_resume_called: [87427876,com.ewatrade.dev.MainActivity,LIFECYCLER_RESUME_ACTIVITY,10]
10-02 11:47:38.670 17135 17135 I wm_on_top_resumed_gained_called: [87427876,com.ewatrade.dev.MainActivity,topWhenResuming]
10-02 11:47:49.568 17135 17135 I viewroot_draw_event: [VRI[PopupWindow:1a498e5]6205fe3,reportDrawFinished seqId=0]
10-02 11:47:53.160 17135 17135 I viewroot_draw_event: [VRI[PopupWindow:cc16dc2]9e37028,reportDrawFinished seqId=0]
10-02 11:47:53.529 17135 17135 I viewroot_draw_event: [VRI[PopupWindow:cc16dc2]9e37028,reportDrawFinished seqId=1]
10-02 11:48:05.915 17135 17135 I viewroot_draw_event: [VRI[PopupWindow:e0a1046]a99022a,reportDrawFinished seqId=0]
10-02 11:48:07.765   683  6781 I commit_sys_config_file: [appops_accesses,975]
10-02 11:48:11.466 17135 17135 I viewroot_draw_event: [VRI[PopupWindow:14b8791]e941ef,reportDrawFinished seqId=0]
10-02 11:48:19.162 17135 17135 I viewroot_draw_event: [VRI[PopupWindow:aafc77e]7f47dc4,reportDrawFinished seqId=0]
