ACTIVITY MANAGER PROCESS EXIT INFO (dumpsys activity exit-info)
Last Timestamp of Persistence Into Persistent Storage: 2026-10-02 14:59:15.661
  package: com.ewatrade.dev.barcodeqa
    Historical Process Exit for uid=10231
        ApplicationExitInfo #0:
          timestamp=2026-10-02 11:49:54.682 pid=17135 realUid=10231 packageUid=10231 definingUid=10231 user=0 startSeq=2148
          process=com.ewatrade.dev.barcodeqa reason=10 (USER REQUESTED) subreason=21 (FORCE STOP) status=0
          importance=100 pss=0.00 rss=636MB state=empty trace=/data/system/procexitstore/anr_2026-10-02-11-44-56-347.gz
          description=stop com.ewatrade.dev.barcodeqa due to from pid 23158
          anrInfo=null
        ApplicationExitInfo #1:
          timestamp=2026-10-02 11:27:55.528 pid=8218 realUid=10231 packageUid=10231 definingUid=10231 user=0 startSeq=1994
          process=com.ewatrade.dev.barcodeqa reason=10 (USER REQUESTED) subreason=21 (FORCE STOP) status=0
          importance=100 pss=0.00 rss=0.94GB state=empty trace=null
          description=stop com.ewatrade.dev.barcodeqa due to from pid 17112
          anrInfo=null
        ApplicationExitInfo #2:
          timestamp=2026-10-02 11:03:22.937 pid=31330 realUid=10231 packageUid=10231 definingUid=10231 user=0 startSeq=1818
          process=com.ewatrade.dev.barcodeqa reason=10 (USER REQUESTED) subreason=21 (FORCE STOP) status=0
          importance=100 pss=0.00 rss=878MB state=empty trace=null
          description=stop com.ewatrade.dev.barcodeqa due to from pid 8207
          anrInfo=null
        ApplicationExitInfo #3:
          timestamp=2026-10-02 10:54:02.546 pid=4844 realUid=10231 packageUid=10231 definingUid=10231 user=0 startSeq=105
          process=com.ewatrade.dev.barcodeqa reason=10 (USER REQUESTED) subreason=21 (FORCE STOP) status=0
          importance=100 pss=0.00 rss=1.0GB state=empty trace=null
          description=stop com.ewatrade.dev.barcodeqa due to from pid 31301
          anrInfo=null
